VARIABLES="VARIABLE"      , "GRADIENT"      , "FINDIFF_STEP"  
          0               , 0.00736649      , 0.0001          
          1               , 0.00518066      , 0.0001          
          2               , 0.00272704      , 0.0001          
          3               , 0.0010838       , 0.0001          
