VARIABLES="VARIABLE"      , "GRADIENT"      , "FINDIFF_STEP"  
          0               , 0.00765473      , 0.0001          
          1               , 0.00497838      , 0.0001          
          2               , 0.0024697       , 0.0001          
          3               , 0.00090216      , 0.0001          
