VARIABLES="VARIABLE"      , "GRADIENT"      , "FINDIFF_STEP"  
          0               , 0.00767938      , 0.0001          
          1               , 0.00499129      , 0.0001          
          2               , 0.00249092      , 0.0001          
          3               , 0.000902095     , 0.0001          
