VARIABLES="VARIABLE"      , "GRADIENT"      , "FINDIFF_STEP"  
          0               , -2654.17        , 0.001           
          1               , -12995.5        , 0.001           
          2               , -21781.7        , 0.001           
          3               , -27675.9        , 0.001           
          4               , -30438.6        , 0.001           
          5               , -30444.6        , 0.001           
          6               , -28343.8        , 0.001           
          7               , -24794.9        , 0.001           
          8               , -20330.1        , 0.001           
          9               , -15377.4        , 0.001           
          10              , -10418.8        , 0.001           
          11              , -6202.42        , 0.001           
          12              , -3878.85        , 0.001           
          13              , -4911.73        , 0.001           
          14              , -10574.3        , 0.001           
          15              , -20611.7        , 0.001           
          16              , -30111.5        , 0.001           
          17              , -26295.8        , 0.001           
          18              , -62395.3        , 0.001           
          19              , -2807.68        , 0.001           
          20              , -838.255        , 0.001           
          21              , -672.494        , 0.001           
          22              , -1776.6         , 0.001           
          23              , -5721.22        , 0.001           
          24              , -13719.0        , 0.001           
          25              , -25698.8        , 0.001           
          26              , -40060.1        , 0.001           
          27              , -53726.4        , 0.001           
          28              , -62410.5        , 0.001           
          29              , -61286.9        , 0.001           
          30              , -46498.5        , 0.001           
          31              , -17834.2        , 0.001           
          32              , 18190.2         , 0.001           
          33              , 48451.4         , 0.001           
          34              , 62322.0         , 0.001           
          35              , 64135.8         , 0.001           
          36              , 54563.9         , 0.001           
          37              , 64854.5         , 0.001           
