VARIABLES="VARIABLE"      , "GRADIENT"      , "FINDIFF_STEP"  
          0               , -0.340041       , 0.0001          
          1               , -0.241925       , 0.0001          
          2               , -0.166871       , 0.0001          
          3               , -0.120134       , 0.0001          
          4               , -0.1003         , 0.0001          
          5               , -0.1044         , 0.0001          
          6               , -0.12781        , 0.0001          
          7               , -0.163829       , 0.0001          
          8               , -0.204135       , 0.0001          
          9               , -0.240572       , 0.0001          
          10              , -0.267954       , 0.0001          
          11              , -0.286537       , 0.0001          
          12              , -0.30224        , 0.0001          
          13              , -0.323626       , 0.0001          
          14              , -0.357538       , 0.0001          
          15              , -0.408031       , 0.0001          
          16              , -0.481995       , 0.0001          
          17              , -0.602887       , 0.0001          
          18              , -0.86805        , 0.0001          
          19              , 0.124791        , 0.0001          
          20              , 0.848025        , 0.0001          
          21              , 1.31517         , 0.0001          
          22              , 1.51923         , 0.0001          
          23              , 1.49443         , 0.0001          
          24              , 1.29851         , 0.0001          
          25              , 0.999371        , 0.0001          
          26              , 0.662793        , 0.0001          
          27              , 0.343157        , 0.0001          
          28              , 0.0789034       , 0.0001          
          29              , -0.107036       , 0.0001          
          30              , -0.203464       , 0.0001          
          31              , -0.207317       , 0.0001          
          32              , -0.124433       , 0.0001          
          33              , 0.0236203       , 0.0001          
          34              , 0.194448        , 0.0001          
          35              , 0.343482        , 0.0001          
          36              , 0.477178        , 0.0001          
          37              , 0.701355        , 0.0001          
