VARIABLES="VARIABLE"      , "GRADIENT"      , "FINDIFF_STEP"  
          0               , 0.0220522       , 0.001           
          1               , 0.029455        , 0.001           
          2               , 0.0323176       , 0.001           
          3               , 0.02894         , 0.001           
          4               , 0.0146338       , 0.001           
          5               , -0.0139999      , 0.001           
          6               , -0.056986       , 0.001           
          7               , -0.110088       , 0.001           
          8               , -0.165436       , 0.001           
          9               , -0.213991       , 0.001           
          10              , -0.249417       , 0.001           
          11              , -0.271717       , 0.001           
          12              , -0.288163       , 0.001           
          13              , -0.309834       , 0.001           
          14              , -0.345318       , 0.001           
          15              , -0.39696        , 0.001           
          16              , -0.465307       , 0.001           
          17              , -0.562786       , 0.001           
          18              , -0.787662       , 0.001           
          19              , 0.627669        , 0.001           
          20              , 1.15867         , 0.001           
          21              , 1.47742         , 0.001           
          22              , 1.57632         , 0.001           
          23              , 1.47748         , 0.001           
          24              , 1.22667         , 0.001           
          25              , 0.882211        , 0.001           
          26              , 0.503649        , 0.001           
          27              , 0.143221        , 0.001           
          28              , -0.157985       , 0.001           
          29              , -0.369231       , 0.001           
          30              , -0.467284       , 0.001           
          31              , -0.436815       , 0.001           
          32              , -0.280489       , 0.001           
          33              , -0.0395581      , 0.001           
          34              , 0.196769        , 0.001           
          35              , 0.347452        , 0.001           
          36              , 0.464267        , 0.001           
          37              , 0.679782        , 0.001           
