VARIABLES="VARIABLE"      , "GRADIENT"      , "FINDIFF_STEP"  
          0               , -2052.52        , 0.001           
          1               , -8320.78        , 0.001           
          2               , -12227.1        , 0.001           
          3               , -12850.1        , 0.001           
          4               , -10995.3        , 0.001           
          5               , -7836.79        , 0.001           
          6               , -4408.79        , 0.001           
          7               , -1413.15        , 0.001           
          8               , 798.27          , 0.001           
          9               , 2134.65         , 0.001           
          10              , 2626.3          , 0.001           
          11              , 2290.98         , 0.001           
          12              , 1058.21         , 0.001           
          13              , -1219.36        , 0.001           
          14              , -4655.34        , 0.001           
          15              , -9067.26        , 0.001           
          16              , -13513.9        , 0.001           
          17              , -16619.1        , 0.001           
          18              , -24152.9        , 0.001           
          19              , -12083.3        , 0.001           
          20              , -21953.5        , 0.001           
          21              , -23671.8        , 0.001           
          22              , -22582.5        , 0.001           
          23              , -22107.7        , 0.001           
          24              , -23484.5        , 0.001           
          25              , -26233.9        , 0.001           
          26              , -28788.0        , 0.001           
          27              , -29109.6        , 0.001           
          28              , -25275.1        , 0.001           
          29              , -16096.3        , 0.001           
          30              , -1907.05        , 0.001           
          31              , 14485.4         , 0.001           
          32              , 27250.7         , 0.001           
          33              , 29092.1         , 0.001           
          34              , 16868.4         , 0.001           
          35              , -2634.53        , 0.001           
          36              , -19318.5        , 0.001           
          37              , -19575.4        , 0.001           
