VARIABLES="VARIABLE"      , "MASS_FLOW_IN"  , "MOMENT_Z"      , "FLOW_ANGLE_OUT", "MASS_FLOW_OUT" , "FLOW_ANGLE_IN" , "FORCE_Z"       , "FORCE_Y"       , "FORCE_X"       , "TOTAL_EFFICIENCY", "TOTAL_STATIC_EFFICIENCY", "PRESSURE_RATIO", "EFFICIENCY"    , "DRAG"          , "LIFT"          , "TOTAL_ENTHALPY_OUT", "TOTAL_PRESSURE_LOSS", "MOMENT_Y"      , "MOMENT_X"      , "SIDEFORCE"     , "ENTHALPY_OUT"  , "KINETIC_ENERGY_LOSS", "CUSTOM_OBJFUNC", "HEAT"          , "MAX_HEAT"      , "SURFACE_UNIFORMITY", "SURFACE_SECONDARY", "SURFACE_MOM_DISTORTION", "SURFACE_SECOND_OVER_UNIFORM", "SURFACE_PRESSURE_DROP"
          0               , 0.0             , 1.248824622     , 0.0             , 0.0             , 0.0             , 0.0             , -1.446707472    , 0.2585308027    , 0.0             , 0.0                    , 0.0             , -114.8514349    , 0.2269095222    , -1.452003014    , 0.0               , 0.0                , 0.0             , 0.0             , 0.0             , 0.0             , 0.0                , 0.0             , 0.0             , 0.0             , 0.0               , 0.0              , 0.0                   , 0.0                        , 0.0                  
          1               , 0.0             , 1.076816959     , 0.0             , 0.0             , 0.0             , 0.0             , -2.31689972     , 0.439484635     , 0.0             , 0.0                    , 0.0             , -191.0349825    , 0.3888371485    , -2.325935668    , 0.0               , 0.0                , 0.0             , 0.0             , 0.0             , 0.0             , 0.0                , 0.0             , 0.0             , 0.0             , 0.0               , 0.0              , 0.0                   , 0.0                        , 0.0                  
          2               , 0.0             , 0.6472872764    , 0.0             , 0.0             , 0.0             , 0.0             , -3.05682473     , 0.5945724268    , 0.0             , 0.0                    , 0.0             , -256.155045     , 0.5277466546    , -3.069067817    , 0.0               , 0.0                , 0.0             , 0.0             , 0.0             , 0.0             , 0.0                , 0.0             , 0.0             , 0.0             , 0.0               , 0.0              , 0.0                   , 0.0                        , 0.0                  
