VARIABLES="VARIABLE"      , "GRADIENT"      , "FINDIFF_STEP"
          0               , -9031.62        , 0.001
          1               , -12012.1        , 0.001
          2               , -9069.4         , 0.001
          3               , -4384.1         , 0.001
          4               , 226.313         , 0.001
          5               , 4094.64         , 0.001
          6               , 7135.57         , 0.001
          7               , 9534.04         , 0.001
          8               , 11567.7         , 0.001
          9               , 13502.9         , 0.001
          10              , 15525.3         , 0.001
          11              , 17677.6         , 0.001
          12              , 19774.0         , 0.001
          13              , 21231.7         , 0.001
          14              , 20667.9         , 0.001
          15              , 14910.9         , 0.001
          16              , -3204.93        , 0.001
          17              , -47800.8        , 0.001
          18              , -127342.0       , 0.001
          19              , -22401.2        , 0.001
          20              , -22469.9        , 0.001
          21              , -15796.2        , 0.001
          22              , -9601.62        , 0.001
          23              , -5984.92        , 0.001
          24              , -5040.23        , 0.001
          25              , -6061.17        , 0.001
          26              , -8142.27        , 0.001
          27              , -10495.3        , 0.001
          28              , -12591.9        , 0.001
          29              , -14189.4        , 0.001
          30              , -15280.9        , 0.001
          31              , -15978.6        , 0.001
          32              , -16253.9        , 0.001
          33              , -15289.0        , 0.001
          34              , -10118.9        , 0.001
          35              , 5881.72         , 0.001
          36              , 40595.3         , 0.001
          37              , 83547.0         , 0.001
