VARIABLES="VARIABLE"      , "GRADIENT"      , "FINDIFF_STEP"  
          0               , 0.00547874      , 0.0001          
          1               , 0.0243474       , 0.0001          
          2               , 0.0300065       , 0.0001          
          3               , 0.0234715       , 0.0001          
          4               , 0.00345121      , 0.0001          
          5               , -0.0307434      , 0.0001          
          6               , -0.0774773      , 0.0001          
          7               , -0.13197        , 0.0001          
          8               , -0.186782       , 0.0001          
          9               , -0.233914       , 0.0001          
          10              , -0.268098       , 0.0001          
          11              , -0.289809       , 0.0001          
          12              , -0.305806       , 0.0001          
          13              , -0.325957       , 0.0001          
          14              , -0.358284       , 0.0001          
          15              , -0.407284       , 0.0001          
          16              , -0.479307       , 0.0001          
          17              , -0.595933       , 0.0001          
          18              , -0.850309       , 0.0001          
          19              , 0.566108        , 0.0001          
          20              , 1.14466         , 0.0001          
          21              , 1.50253         , 0.0001          
          22              , 1.62876         , 0.0001          
          23              , 1.54945         , 0.0001          
          24              , 1.31552         , 0.0001          
          25              , 0.989768        , 0.0001          
          26              , 0.634351        , 0.0001          
          27              , 0.301435        , 0.0001          
          28              , 0.0285559       , 0.0001          
          29              , -0.160999       , 0.0001          
          30              , -0.254739       , 0.0001          
          31              , -0.248341       , 0.0001          
          32              , -0.148559       , 0.0001          
          33              , 0.0172426       , 0.0001          
          34              , 0.196759        , 0.0001          
          35              , 0.341483        , 0.0001          
          36              , 0.467392        , 0.0001          
          37              , 0.683048        , 0.0001          
