VARIABLES="VARIABLE"      , "GRADIENT"      , "FINDIFF_STEP"  
          0               , -1933.33        , 0.001           
          1               , -12604.9        , 0.001           
          2               , -21604.1        , 0.001           
          3               , -27667.1        , 0.001           
          4               , -30584.3        , 0.001           
          5               , -30729.5        , 0.001           
          6               , -28735.7        , 0.001           
          7               , -25243.2        , 0.001           
          8               , -20773.8        , 0.001           
          9               , -15759.5        , 0.001           
          10              , -10703.1        , 0.001           
          11              , -6386.41        , 0.001           
          12              , -3996.76        , 0.001           
          13              , -5021.63        , 0.001           
          14              , -10733.4        , 0.001           
          15              , -20858.4        , 0.001           
          16              , -30450.2        , 0.001           
          17              , -26611.5        , 0.001           
          18              , -63112.5        , 0.001           
          19              , -3110.67        , 0.001           
          20              , -1201.03        , 0.001           
          21              , -1019.21        , 0.001           
          22              , -2004.57        , 0.001           
          23              , -5751.92        , 0.001           
          24              , -13516.0        , 0.001           
          25              , -25273.6        , 0.001           
          26              , -39471.5        , 0.001           
          27              , -53073.4        , 0.001           
          28              , -61817.6        , 0.001           
          29              , -60881.2        , 0.001           
          30              , -46380.3        , 0.001           
          31              , -18048.8        , 0.001           
          32              , 17669.7         , 0.001           
          33              , 47721.7         , 0.001           
          34              , 61536.4         , 0.001           
          35              , 63466.5         , 0.001           
          36              , 53950.3         , 0.001           
          37              , 65270.3         , 0.001
