"VARIABLE"      , "AVG_DENSITY[0]", "AVG_ENTHALPY[0]", "AVG_NORMALVEL[0]", "DRAG[0]"       , "EFFICIENCY[0]" , "FORCE_X[0]"    , "FORCE_Y[0]"    , "FORCE_Z[0]"    , "LIFT[0]"       , "MOMENT_X[0]"   , "MOMENT_Y[0]"   , "MOMENT_Z[0]"   , "SIDEFORCE[0]"  , "SURFACE_MACH[0]", "SURFACE_MASSFLOW[0]", "SURFACE_MOM_DISTORTION[0]", "SURFACE_PRESSURE_DROP[0]", "SURFACE_SECONDARY[0]", "SURFACE_SECOND_OVER_UNIFORM[0]", "SURFACE_STATIC_PRESSURE[0]", "SURFACE_STATIC_TEMPERATURE[0]", "SURFACE_TOTAL_PRESSURE[0]", "SURFACE_TOTAL_TEMPERATURE[0]", "SURFACE_UNIFORMITY[0]", "AVG_TEMPERATURE[1]", "MAXIMUM_HEATFLUX[1]", "TOTAL_HEATFLUX[1]", "FINDIFF_STEP"  
0               , 0.0             , -99999.96982514858, -2.2204000000409886e-08, 0.0             , 0.0             , 0.0             , 0.0             , 0.0             , 0.0             , 0.0             , 0.0             , 0.0             , 0.0             , -0.04000000053405728, 0.0                , -2.060000001136153       , 0.0                     , 2.12000000054946    , 3.700000000828041             , 330.00000030369847        , -30.00000106112566           , 314.99999977313564       , -30.00000106112566          , -1.400000004814217   , -140.0000030571391, 0.0                , -509.99999530176865, 1e-08           
