"VARIABLE"      , "AVG_DENSITY[0]", "AVG_ENTHALPY[0]", "AVG_NORMALVEL[0]", "DRAG[0]"       , "EFFICIENCY[0]" , "FORCE_X[0]"    , "FORCE_Y[0]"    , "FORCE_Z[0]"    , "LIFT[0]"       , "MOMENT_X[0]"   , "MOMENT_Y[0]"   , "MOMENT_Z[0]"   , "SIDEFORCE[0]"  , "SURFACE_MACH[0]", "SURFACE_MASSFLOW[0]", "SURFACE_MOM_DISTORTION[0]", "SURFACE_PRESSURE_DROP[0]", "SURFACE_SECONDARY[0]", "SURFACE_SECOND_OVER_UNIFORM[0]", "SURFACE_STATIC_PRESSURE[0]", "SURFACE_STATIC_TEMPERATURE[0]", "SURFACE_TOTAL_PRESSURE[0]", "SURFACE_TOTAL_TEMPERATURE[0]", "SURFACE_UNIFORMITY[0]", "AVG_TEMPERATURE[1]", "MAXIMUM_HEATFLUX[1]", "TOTAL_HEATFLUX[1]", "FINDIFF_STEP"  
0               , 0.0             , -3800000.0175088644, -3.330699999961374e-08, 0.0             , 0.0             , 0.0             , 0.0             , 0.0             , 0.0             , 0.0             , 0.0             , 0.0             , 0.0             , -1.4500000006245628, -5.5510000002640306e-08, -42.070000000338226      , 0.0                     , 43.11999999839777   , 79.95999999899084             , 5740.000000287182         , -1079.9999927257886          , 79.99999951380232        , -1080.0000040944724         , -37.40000000806987   , -729.9999992937956, 0.0                , 790.0000014160469, 1e-08           
